// Jest Snapshot v1, https://goo.gl/fbAQLP

exports[`components/post_type/action_view/ActionView should match snapshot 1`] = `
<div
  className="attachment-actions"
>
  <Connect(ActionButton)
    action={
      Object {
        "id": "action_id1",
        "name": "answer1",
        "type": "button",
      }
    }
    key="action_id1"
    postId="post_id"
  />
  <Connect(ActionButton)
    action={
      Object {
        "id": "action_id2",
        "name": "answer2",
        "type": "button",
      }
    }
    key="action_id2"
    postId="post_id"
  />
  <Connect(ActionButton)
    action={
      Object {
        "id": "action_id3",
        "name": "answer3",
        "type": "button",
      }
    }
    key="action_id3"
    postId="post_id"
  />
</div>
`;

exports[`components/post_type/action_view/ActionView should match snapshot with only button actions 1`] = `
<div
  className="attachment-actions"
>
  <Connect(ActionButton)
    action={
      Object {
        "id": "action_id1",
        "name": "answer1",
        "type": "button",
      }
    }
    key="action_id1"
    postId="post_id"
  />
</div>
`;

exports[`components/post_type/action_view/ActionView should match snapshot with only non-empty aciton id and name 1`] = `
<div
  className="attachment-actions"
>
  <Connect(ActionButton)
    action={
      Object {
        "id": "action_id1",
        "name": "answer1",
        "type": "button",
      }
    }
    key="action_id1"
    postId="post_id"
  />
  <Connect(ActionButton)
    action={
      Object {
        "id": "action_id4",
        "name": "answer4",
        "type": "button",
      }
    }
    key="action_id4"
    postId="post_id"
  />
</div>
`;

exports[`components/post_type/action_view/ActionView should match snapshot without any actions 1`] = `""`;
